QA output created by 685
Test 1 - qa_user, non-exec file fzero
6666 -rwSrwSrw- TEST_DIR/685/a
666 -rw-rw-rw- TEST_DIR/685/a

Test 2 - qa_user, group-exec file fzero
6676 -rwSrwsrw- TEST_DIR/685/a
676 -rw-rwxrw- TEST_DIR/685/a

Test 3 - qa_user, user-exec file fzero
6766 -rwsrwSrw- TEST_DIR/685/a
766 -rwxrw-rw- TEST_DIR/685/a

Test 4 - qa_user, all-exec file fzero
6777 -rwsrwsrwx TEST_DIR/685/a
777 -rwxrwxrwx TEST_DIR/685/a

Test 5 - root, non-exec file fzero
6666 -rwSrwSrw- TEST_DIR/685/a
6666 -rwSrwSrw- TEST_DIR/685/a

Test 6 - root, group-exec file fzero
6676 -rwSrwsrw- TEST_DIR/685/a
6676 -rwSrwsrw- TEST_DIR/685/a

Test 7 - root, user-exec file fzero
6766 -rwsrwSrw- TEST_DIR/685/a
6766 -rwsrwSrw- TEST_DIR/685/a

Test 8 - root, all-exec file fzero
6777 -rwsrwsrwx TEST_DIR/685/a
6777 -rwsrwsrwx TEST_DIR/685/a

Test 9 - qa_user, non-exec file fzero
2666 -rw-rwSrw- TEST_DIR/685/a
666 -rw-rw-rw- TEST_DIR/685/a

Test 10 - qa_user, group-exec file fzero, only sgid
2676 -rw-rwsrw- TEST_DIR/685/a
676 -rw-rwxrw- TEST_DIR/685/a

Test 11 - qa_user, user-exec file fzero
2766 -rwxrwSrw- TEST_DIR/685/a
766 -rwxrw-rw- TEST_DIR/685/a

Test 12 - qa_user, all-exec file fzero, only sgid
2777 -rwxrwsrwx TEST_DIR/685/a
777 -rwxrwxrwx TEST_DIR/685/a

