QA output created by 686
Test 1 - qa_user, non-exec file finsert
6666 -rwSrwSrw- TEST_DIR/686/a
666 -rw-rw-rw- TEST_DIR/686/a

Test 2 - qa_user, group-exec file finsert
6676 -rwSrwsrw- TEST_DIR/686/a
676 -rw-rwxrw- TEST_DIR/686/a

Test 3 - qa_user, user-exec file finsert
6766 -rwsrwSrw- TEST_DIR/686/a
766 -rwxrw-rw- TEST_DIR/686/a

Test 4 - qa_user, all-exec file finsert
6777 -rwsrwsrwx TEST_DIR/686/a
777 -rwxrwxrwx TEST_DIR/686/a

Test 5 - root, non-exec file finsert
6666 -rwSrwSrw- TEST_DIR/686/a
6666 -rwSrwSrw- TEST_DIR/686/a

Test 6 - root, group-exec file finsert
6676 -rwSrwsrw- TEST_DIR/686/a
6676 -rwSrwsrw- TEST_DIR/686/a

Test 7 - root, user-exec file finsert
6766 -rwsrwSrw- TEST_DIR/686/a
6766 -rwsrwSrw- TEST_DIR/686/a

Test 8 - root, all-exec file finsert
6777 -rwsrwsrwx TEST_DIR/686/a
6777 -rwsrwsrwx TEST_DIR/686/a

Test 9 - qa_user, non-exec file finsert
2666 -rw-rwSrw- TEST_DIR/686/a
666 -rw-rw-rw- TEST_DIR/686/a

Test 10 - qa_user, group-exec file finsert, only sgid
2676 -rw-rwsrw- TEST_DIR/686/a
676 -rw-rwxrw- TEST_DIR/686/a

Test 11 - qa_user, user-exec file finsert
2766 -rwxrwSrw- TEST_DIR/686/a
766 -rwxrw-rw- TEST_DIR/686/a

Test 12 - qa_user, all-exec file finsert, only sgid
2777 -rwxrwsrwx TEST_DIR/686/a
777 -rwxrwxrwx TEST_DIR/686/a

