QA output created by 698

base test
fsgqa:fsgqa2
fsgqa
fsgqa
fsgqa:fsgqa
fsgqa
fsgqa
fsgqa:fsgqa

base idmapped test
fsgqa:fsgqa2
fsgqa
fsgqa
fsgqa:fsgqa
fsgqa
fsgqa
fsgqa:fsgqa
