QA output created by 699

overlayfs idmapped lower metacopy off
fsgqa:fsgqa2
fsgqa
fsgqa
fsgqa:fsgqa
fsgqa
fsgqa
fsgqa:fsgqa

reset ownership
65534:65534
65534:65535

overlayfs idmapped lower metacopy on
fsgqa:fsgqa2
fsgqa
fsgqa
fsgqa:fsgqa
fsgqa
fsgqa
fsgqa:fsgqa

reset ownership
65534:65534
65534:65535
